FATAL: page.click: Timeout 30000ms exceeded.
Call log:
[2m  - waiting for locator('#game-canvas')[22m
[2m    - locator resolved to <canvas width="1280" height="720" id="game-canvas" data-engine="three.js r170"></canvas>[22m
[2m  - attempting click action[22m
[2m    - waiting for element to be visible, enabled and stable[22m
[2m    - element is visible, enabled and stable[22m
[2m    - scrolling into view if needed[22m
[2m    - done scrolling[22m
[2m    - <div class="screen" id="army-builder">…</div> intercepts pointer events[22m
[2m  - retrying click action[22m
[2m    - waiting for element to be visible, enabled and stable[22m
[2m    - element is visible, enabled and stable[22m
[2m    - scrolling into view if needed[22m
[2m    - done scrolling[22m

