node : node:internal/modules/cjs/loader:1228
    + CategoryInfo          : NotSpecified: (node:internal/modules/cjs/loader:1228:String) [], RemoteException
    + FullyQualifiedErrorId : NativeCommandError
 
  throw err;
  ^

Error: Cannot find module 'C:\Users\Admin\Documents\test-quick.cjs'
    at Module._resolveFilename (node:internal/modules/cjs/loader:1225:15)
    at Module._load (node:internal/modules/cjs/loader:1051:27)
    at Function.executeUserEntryPoint [as runMain] (node:internal/modules/run_main:174:12)
    at node:internal/main/run_main_module:28:49 {
  code: 'MODULE_NOT_FOUND',
  requireStack: []
}

Node.js v20.18.0
